src/components/admin/AdminDashboard.tsx(333,10): error TS2300: Duplicate identifier 'ReviewWorkspaceModal'.
src/components/admin/AdminDashboard.tsx(639,49): error TS2345: Argument of type '{ name: string; contactPhone: string; category: string; vision: string; location: string; operatingHours: string; paymentMethods: string; menuImageUrl: string; tier: string; tierDurationMonths: number; }' is not assignable to parameter of type 'SetStateAction<{ name: any; contactPhone: any; category: any; vision: any; location: string; operatingHours: string; paymentMethods: string; menuImageUrl: string; logoUrl: string; description: string; tier: string; tierDurationMonths: number; }>'.
  Type '{ name: string; contactPhone: string; category: string; vision: string; location: string; operatingHours: string; paymentMethods: string; menuImageUrl: string; tier: string; tierDurationMonths: number; }' is missing the following properties from type '{ name: any; contactPhone: any; category: any; vision: any; location: string; operatingHours: string; paymentMethods: string; menuImageUrl: string; logoUrl: string; description: string; tier: string; tierDurationMonths: number; }': logoUrl, description
src/components/admin/AdminDashboard.tsx(927,45): error TS2345: Argument of type '{ name: string; contactPhone: string; category: string; vision: string; location: string; operatingHours: string; paymentMethods: string; menuImageUrl: string; tier: string; tierDurationMonths: number; }' is not assignable to parameter of type 'SetStateAction<{ name: any; contactPhone: any; category: any; vision: any; location: string; operatingHours: string; paymentMethods: string; menuImageUrl: string; logoUrl: string; description: string; tier: string; tierDurationMonths: number; }>'.
  Type '{ name: string; contactPhone: string; category: string; vision: string; location: string; operatingHours: string; paymentMethods: string; menuImageUrl: string; tier: string; tierDurationMonths: number; }' is missing the following properties from type '{ name: any; contactPhone: any; category: any; vision: any; location: string; operatingHours: string; paymentMethods: string; menuImageUrl: string; logoUrl: string; description: string; tier: string; tierDurationMonths: number; }': logoUrl, description
src/components/admin/AdminDashboard.tsx(933,45): error TS2345: Argument of type '{ name: string; contactPhone: string; category: string; vision: string; location: string; operatingHours: string; paymentMethods: string; menuImageUrl: string; tier: string; tierDurationMonths: number; }' is not assignable to parameter of type 'SetStateAction<{ name: any; contactPhone: any; category: any; vision: any; location: string; operatingHours: string; paymentMethods: string; menuImageUrl: string; logoUrl: string; description: string; tier: string; tierDurationMonths: number; }>'.
  Type '{ name: string; contactPhone: string; category: string; vision: string; location: string; operatingHours: string; paymentMethods: string; menuImageUrl: string; tier: string; tierDurationMonths: number; }' is missing the following properties from type '{ name: any; contactPhone: any; category: any; vision: any; location: string; operatingHours: string; paymentMethods: string; menuImageUrl: string; logoUrl: string; description: string; tier: string; tierDurationMonths: number; }': logoUrl, description
src/components/admin/AdminDashboard.tsx(1195,7): error TS2300: Duplicate identifier 'ReviewWorkspaceModal'.
